// Jest Snapshot v1, https://goo.gl/fbAQLP

exports[`warnings warnInvalidArgBody works as expected 1`] = `
Object {
  "message": "Detected invalid line in the arguments body of an InGenR directive.
This line will be discarded.",
}
`;
